MPLINK 5.09, LINKER
Linker Map File - Created Wed Sep 24 10:15:19 2025

                                 Section Info
                  Section       Type    Address   Location Size(Bytes)
                ---------  ---------  ---------  ---------  ---------
                 RES_VECT       code   0x000000    program   0x000004
                   .cinit    romdata   0x000004    program   0x000002
                     ISRL       code   0x000006    program   0x000002
                    ISRHV       code   0x000008    program   0x000004
                     ISRH       code   0x00000c    program   0x000002
                    ISRLV       code   0x000018    program   0x000004
                MAIN_PROG       code   0x00001c    program   0x00003a
.config_300000_BUILD/DEFAULT/PRODUCTION/_EXT/14    romdata   0x300000    program   0x000001
.config_300001_BUILD/DEFAULT/PRODUCTION/_EXT/14    romdata   0x300001    program   0x000001
.config_300002_BUILD/DEFAULT/PRODUCTION/_EXT/14    romdata   0x300002    program   0x000001
.config_300003_BUILD/DEFAULT/PRODUCTION/_EXT/14    romdata   0x300003    program   0x000001
.config_300005_BUILD/DEFAULT/PRODUCTION/_EXT/14    romdata   0x300005    program   0x000001
.config_300006_BUILD/DEFAULT/PRODUCTION/_EXT/14    romdata   0x300006    program   0x000001
.config_300008_BUILD/DEFAULT/PRODUCTION/_EXT/14    romdata   0x300008    program   0x000001
.config_300009_BUILD/DEFAULT/PRODUCTION/_EXT/14    romdata   0x300009    program   0x000001
.config_30000A_BUILD/DEFAULT/PRODUCTION/_EXT/14    romdata   0x30000a    program   0x000001
.config_30000B_BUILD/DEFAULT/PRODUCTION/_EXT/14    romdata   0x30000b    program   0x000001
.config_30000C_BUILD/DEFAULT/PRODUCTION/_EXT/14    romdata   0x30000c    program   0x000001
.config_30000D_BUILD/DEFAULT/PRODUCTION/_EXT/14    romdata   0x30000d    program   0x000001



                              Program Memory Usage 
                               Start         End      
                           ---------   ---------      
                            0x000000    0x00000d      
                            0x000018    0x000055      
                            0x300000    0x300003      
                            0x300005    0x300006      
                            0x300008    0x30000d      
            88 out of 33048 program addresses used, program memory utilization is 0%



                              Symbols - Sorted by Name
                     Name    Address   Location    Storage File                     
                ---------  ---------  ---------  --------- ---------                
           FINISH_ROUTINE   0x000056    program     static ..\..\src\main.asm       
                 HIGH_ISR   0x00000c    program     static ..\..\src\main.asm       
             IDLE_ROUTINE   0x00002e    program     static ..\..\src\main.asm       
                  LOW_ISR   0x000006    program     static ..\..\src\main.asm       
                     MAIN   0x00001c    program     static ..\..\src\main.asm       
             OPEN_ROUTINE   0x00004c    program     static ..\..\src\main.asm       
            RIGHT_ROUTINE   0x000042    program     static ..\..\src\main.asm       
              ROTATE_LEFT   0x000056    program     static ..\..\src\main.asm       
             ROTATE_RIGHT   0x000056    program     static ..\..\src\main.asm       
            START_ROUTINE   0x000038    program     static ..\..\src\main.asm       
             TIME_ROUTINE   0x000056    program     static ..\..\src\main.asm       



                              Symbols - Sorted by Address
                     Name    Address   Location    Storage File                     
                ---------  ---------  ---------  --------- ---------                
                  LOW_ISR   0x000006    program     static ..\..\src\main.asm       
                 HIGH_ISR   0x00000c    program     static ..\..\src\main.asm       
                     MAIN   0x00001c    program     static ..\..\src\main.asm       
             IDLE_ROUTINE   0x00002e    program     static ..\..\src\main.asm       
            START_ROUTINE   0x000038    program     static ..\..\src\main.asm       
            RIGHT_ROUTINE   0x000042    program     static ..\..\src\main.asm       
             OPEN_ROUTINE   0x00004c    program     static ..\..\src\main.asm       
           FINISH_ROUTINE   0x000056    program     static ..\..\src\main.asm       
              ROTATE_LEFT   0x000056    program     static ..\..\src\main.asm       
             ROTATE_RIGHT   0x000056    program     static ..\..\src\main.asm       
             TIME_ROUTINE   0x000056    program     static ..\..\src\main.asm       


